Component: ARM Compiler 5.06 update 4 (build 422) Tool: armlink [4d35d2]

==============================================================================

Section Cross References

    3140.o(myProg) refers to process.o(i.process_select) for process_select
    3140.o(myProg) refers to 3140.o(myData) for OrigStackPointer
    3140_concur.o(i.process_stack_free) refers to malloc2.o(i.__free$2region) for free
    3140_concur.o(i.process_stack_init) refers to malloc2.o(i.__malloc$2region) for malloc
    3140_concur.o(i.process_stack_init) refers to 3140.o(myProg) for process_terminated
    process.o(i.PIT1_IRQHandler) refers to process.o(.data) for current_time
    process.o(i.add) refers to process.o(.data) for start_process
    process.o(i.addready) refers to process.o(.data) for ready_rt_process
    process.o(i.addrt) refers to process.o(.data) for start_rt_process
    process.o(i.findminimum) refers to process.o(.data) for ready_rt_process
    process.o(i.process_create) refers to malloc2.o(i.__malloc$2region) for malloc
    process.o(i.process_create) refers to 3140_concur.o(i.process_stack_init) for process_stack_init
    process.o(i.process_create) refers to process.o(i.add) for add
    process.o(i.process_rt_create) refers to malloc2.o(i.__malloc$2region) for malloc
    process.o(i.process_rt_create) refers to 3140_concur.o(i.process_stack_init) for process_stack_init
    process.o(i.process_rt_create) refers to process.o(i.addrt) for addrt
    process.o(i.process_select) refers to process.o(i.addready) for addready
    process.o(i.process_select) refers to process.o(i.removert) for removert
    process.o(i.process_select) refers to process.o(i.findminimum) for findminimum
    process.o(i.process_select) refers to process.o(i.removeready) for removeready
    process.o(i.process_select) refers to 3140_concur.o(i.process_stack_free) for process_stack_free
    process.o(i.process_select) refers to malloc2.o(i.__free$2region) for free
    process.o(i.process_select) refers to process.o(i.remove) for remove
    process.o(i.process_select) refers to process.o(i.add) for add
    process.o(i.process_select) refers to process.o(.data) for start_rt_process
    process.o(i.process_start) refers to process.o(i.__NVIC_EnableIRQ) for __NVIC_EnableIRQ
    process.o(i.process_start) refers to process.o(i.__NVIC_SetPriority) for __NVIC_SetPriority
    process.o(i.process_start) refers to 3140.o(myProg) for process_begin
    process.o(i.process_start) refers to process.o(.data) for current_time
    process.o(i.remove) refers to process.o(.data) for start_process
    process.o(i.removeready) refers to process.o(.data) for ready_rt_process
    process.o(i.removert) refers to process.o(.data) for start_rt_process
    utils.o(i.LEDBlue_On) refers to utils.o(i.__get_PRIMASK) for __get_PRIMASK
    utils.o(i.LEDBlue_On) refers to utils.o(i.__set_PRIMASK) for __set_PRIMASK
    utils.o(i.LEDGreen_On) refers to utils.o(i.__get_PRIMASK) for __get_PRIMASK
    utils.o(i.LEDGreen_On) refers to utils.o(i.__set_PRIMASK) for __set_PRIMASK
    utils.o(i.LEDRed_On) refers to utils.o(i.__get_PRIMASK) for __get_PRIMASK
    utils.o(i.LEDRed_On) refers to utils.o(i.__set_PRIMASK) for __set_PRIMASK
    utils.o(i.LED_Off) refers to utils.o(i.__get_PRIMASK) for __get_PRIMASK
    utils.o(i.LED_Off) refers to utils.o(i.__set_PRIMASK) for __set_PRIMASK
    test_r1.o(i.main) refers to utils.o(i.LED_Initialize) for LED_Initialize
    test_r1.o(i.main) refers to process.o(i.process_create) for process_create
    test_r1.o(i.main) refers to process.o(i.process_rt_create) for process_rt_create
    test_r1.o(i.main) refers to process.o(i.process_start) for process_start
    test_r1.o(i.main) refers to utils.o(i.LED_Off) for LED_Off
    test_r1.o(i.main) refers to utils.o(i.LEDGreen_On) for LEDGreen_On
    test_r1.o(i.main) refers to utils.o(i.LEDBlue_On) for LEDBlue_On
    test_r1.o(i.main) refers to utils.o(i.LEDRed_On) for LEDRed_On
    test_r1.o(i.main) refers to test_r1.o(i.shortDelay2) for shortDelay2
    test_r1.o(i.main) refers to test_r1.o(i.pNRT_1) for pNRT_1
    test_r1.o(i.main) refers to test_r1.o(i.pNRT2_1) for pNRT2_1
    test_r1.o(i.main) refers to test_r1.o(.data) for deadline1
    test_r1.o(i.main) refers to test_r1.o(i.pRT1_1) for pRT1_1
    test_r1.o(i.main) refers to test_r1.o(i.pRT2_1) for pRT2_1
    test_r1.o(i.main) refers to test_r1.o(i.pRT3_1) for pRT3_1
    test_r1.o(i.main) refers to process.o(.data) for process_deadline_miss
    test_r1.o(i.mediumDelay2) refers to utils.o(i.delay) for delay
    test_r1.o(i.pNRT2_1) refers to utils.o(i.LEDRed_On) for LEDRed_On
    test_r1.o(i.pNRT2_1) refers to test_r1.o(i.shortDelay2) for shortDelay2
    test_r1.o(i.pNRT2_1) refers to utils.o(i.LEDRed_Toggle) for LEDRed_Toggle
    test_r1.o(i.pNRT_1) refers to utils.o(i.LEDGreen_On) for LEDGreen_On
    test_r1.o(i.pNRT_1) refers to test_r1.o(i.shortDelay2) for shortDelay2
    test_r1.o(i.pNRT_1) refers to utils.o(i.LEDGreen_Toggle) for LEDGreen_Toggle
    test_r1.o(i.pRT1_1) refers to utils.o(i.LEDBlue_On) for LEDBlue_On
    test_r1.o(i.pRT1_1) refers to test_r1.o(i.mediumDelay2) for mediumDelay2
    test_r1.o(i.pRT1_1) refers to utils.o(i.LEDBlue_Toggle) for LEDBlue_Toggle
    test_r1.o(i.pRT2_1) refers to utils.o(i.LEDRed_On) for LEDRed_On
    test_r1.o(i.pRT2_1) refers to test_r1.o(i.mediumDelay2) for mediumDelay2
    test_r1.o(i.pRT2_1) refers to utils.o(i.LEDRed_Toggle) for LEDRed_Toggle
    test_r1.o(i.pRT3_1) refers to utils.o(i.LEDBlue_On) for LEDBlue_On
    test_r1.o(i.pRT3_1) refers to test_r1.o(i.mediumDelay2) for mediumDelay2
    test_r1.o(i.pRT3_1) refers to utils.o(i.LEDBlue_Toggle) for LEDBlue_Toggle
    test_r1.o(i.shortDelay2) refers to utils.o(i.delay) for delay
    startup_mk64f12.o(RESET) refers to startup_mk64f12.o(.text) for Reset_Handler
    startup_mk64f12.o(RESET) refers to 3140.o(myProg) for SVC_Handler
    startup_mk64f12.o(RESET) refers to process.o(i.PIT1_IRQHandler) for PIT1_IRQHandler
    startup_mk64f12.o(.text) refers to startup_mk64f12.o(FlashConfig) for FlashConfig
    startup_mk64f12.o(.text) refers to system_mk64f12.o(i.SystemInit) for SystemInit
    startup_mk64f12.o(.text) refers to startup.o(i.init_data_bss) for init_data_bss
    startup_mk64f12.o(.text) refers to entry.o(.ARM.Collect$$$$00000000) for __main
    system_mk64f12.o(i.SystemCoreClockUpdate) refers to system_mk64f12.o(.data) for SystemCoreClock
    entry.o(.ARM.Collect$$$$00000000) refers (Special) to entry10a.o(.ARM.Collect$$$$0000000D) for __rt_final_cpp
    entry.o(.ARM.Collect$$$$00000000) refers (Special) to entry11a.o(.ARM.Collect$$$$0000000F) for __rt_final_exit
    entry.o(.ARM.Collect$$$$00000000) refers (Special) to entry7b.o(.ARM.Collect$$$$00000008) for _main_clock
    entry.o(.ARM.Collect$$$$00000000) refers (Special) to entry8b.o(.ARM.Collect$$$$0000000A) for _main_cpp_init
    entry.o(.ARM.Collect$$$$00000000) refers (Special) to entry9a.o(.ARM.Collect$$$$0000000B) for _main_init
    entry.o(.ARM.Collect$$$$00000000) refers (Special) to entry5.o(.ARM.Collect$$$$00000004) for _main_scatterload
    entry.o(.ARM.Collect$$$$00000000) refers (Special) to entry4.o(.ARM.Collect$$$$00000003) for _main_stk
    malloc2.o(i.__free$2region) refers to mvars.o(.data) for __microlib_freelist
    malloc2.o(i.__malloc$2region) refers to mvars.o(.data) for __microlib_freelist_initialised
    malloc2.o(i.__malloc$2region) refers to mvars.o(.data) for __microlib_freelist
    mallocr2.o(i.__free$realloc$2region) refers to mvars.o(.data) for __microlib_freelist
    mallocr2.o(i.__malloc$realloc$2region) refers to mallocr2.o(i.internal_alloc) for internal_alloc
    mallocr2.o(i.__malloc$realloc$2region) refers to mvars.o(.data) for __microlib_freelist_initialised
    mallocr2.o(i.__malloc$realloc$2region) refers to mvars.o(.data) for __microlib_freelist
    mallocr2.o(i.__realloc$2region) refers to mallocr2.o(i.__free$realloc$2region) for __free$realloc$2region
    mallocr2.o(i.__realloc$2region) refers to mallocr2.o(i.internal_alloc) for internal_alloc
    mallocr2.o(i.__realloc$2region) refers to mallocr2.o(i.__malloc$realloc$2region) for __malloc$realloc$2region
    mallocr2.o(i.__realloc$2region) refers to mvars.o(.data) for __microlib_freelist
    mallocr2.o(i.internal_alloc) refers to memcpya.o(.text) for __aeabi_memcpy
    mallocr2.o(i.internal_alloc) refers to mvars.o(.data) for __microlib_freelist
    malloca2.o(i.__aligned_malloc$2region) refers to mvars.o(.data) for __microlib_freelist_initialised
    malloca2.o(i.__aligned_malloc$2region) refers to mvars.o(.data) for __microlib_freelist
    malloca2.o(i.__free$memalign$2region) refers to mvars.o(.data) for __microlib_freelist
    malloca2.o(i.__malloc$memalign$2region) refers to malloca2.o(i.__aligned_malloc$2region) for __aligned_malloc$2region
    mallocra2.o(i.__aligned_malloc$realloc$2region) refers to mallocra2.o(i.internal_alloc) for internal_alloc
    mallocra2.o(i.__aligned_malloc$realloc$2region) refers to mvars.o(.data) for __microlib_freelist_initialised
    mallocra2.o(i.__aligned_malloc$realloc$2region) refers to mvars.o(.data) for __microlib_freelist
    mallocra2.o(i.__free$realloc$memalign$2region) refers to mvars.o(.data) for __microlib_freelist
    mallocra2.o(i.__malloc$realloc$memalign$2region) refers to mallocra2.o(i.__aligned_malloc$realloc$2region) for __aligned_malloc$realloc$2region
    mallocra2.o(i.__realloc$memalign$2region) refers to mallocra2.o(i.__free$realloc$memalign$2region) for __free$realloc$memalign$2region
    mallocra2.o(i.__realloc$memalign$2region) refers to mallocra2.o(i.internal_alloc) for internal_alloc
    mallocra2.o(i.__realloc$memalign$2region) refers to mallocra2.o(i.__malloc$realloc$memalign$2region) for __malloc$realloc$memalign$2region
    mallocra2.o(i.__realloc$memalign$2region) refers to mvars.o(.data) for __microlib_freelist
    mallocra2.o(i.internal_alloc) refers to memcpya.o(.text) for __aeabi_memcpy
    mallocra2.o(i.internal_alloc) refers to mvars.o(.data) for __microlib_freelist
    entry4.o(.ARM.Collect$$$$00000003) refers to entry4.o(.ARM.Collect$$$$00002714) for __lit__00000000
    entry4.o(__vectab_stack_and_reset_area) refers to entry.o(.ARM.Collect$$$$00000000) for __main
    entry5.o(.ARM.Collect$$$$00000004) refers to init.o(.text) for __scatterload
    entry9a.o(.ARM.Collect$$$$0000000B) refers to test_r1.o(i.main) for main
    entry9b.o(.ARM.Collect$$$$0000000C) refers to test_r1.o(i.main) for main
    init.o(.text) refers to entry5.o(.ARM.Collect$$$$00000004) for __main_after_scatterload


==============================================================================

Removing Unused input sections from the image.

    Removing 3140_concur.o(.rev16_text), (4 bytes).
    Removing 3140_concur.o(.revsh_text), (4 bytes).
    Removing 3140_concur.o(.rrx_text), (6 bytes).
    Removing process.o(.rev16_text), (4 bytes).
    Removing process.o(.revsh_text), (4 bytes).
    Removing process.o(.rrx_text), (6 bytes).
    Removing utils.o(.rev16_text), (4 bytes).
    Removing utils.o(.revsh_text), (4 bytes).
    Removing utils.o(.rrx_text), (6 bytes).
    Removing test_r1.o(.rev16_text), (4 bytes).
    Removing test_r1.o(.revsh_text), (4 bytes).
    Removing test_r1.o(.rrx_text), (6 bytes).
    Removing startup.o(.rev16_text), (4 bytes).
    Removing startup.o(.revsh_text), (4 bytes).
    Removing startup.o(.rrx_text), (6 bytes).
    Removing system_mk64f12.o(.rev16_text), (4 bytes).
    Removing system_mk64f12.o(.revsh_text), (4 bytes).
    Removing system_mk64f12.o(.rrx_text), (6 bytes).
    Removing system_mk64f12.o(i.SystemCoreClockUpdate), (452 bytes).
    Removing system_mk64f12.o(.data), (4 bytes).

20 unused section(s) (total 540 bytes) removed from the image.

==============================================================================

Image Symbol Table

    Local Symbols

    Symbol Name                              Value     Ov Type        Size  Object(Section)

    RESET                                    0x00000000   Section     1024  startup_mk64f12.o(RESET)
    ../clib/microlib/init/entry.s            0x00000000   Number         0  entry8b.o ABSOLUTE
    ../clib/microlib/init/entry.s            0x00000000   Number         0  entry10b.o ABSOLUTE
    ../clib/microlib/init/entry.s            0x00000000   Number         0  entry10a.o ABSOLUTE
    ../clib/microlib/init/entry.s            0x00000000   Number         0  entry9b.o ABSOLUTE
    ../clib/microlib/init/entry.s            0x00000000   Number         0  entry9a.o ABSOLUTE
    ../clib/microlib/init/entry.s            0x00000000   Number         0  entry11b.o ABSOLUTE
    ../clib/microlib/init/entry.s            0x00000000   Number         0  entry8a.o ABSOLUTE
    ../clib/microlib/init/entry.s            0x00000000   Number         0  entry7b.o ABSOLUTE
    ../clib/microlib/init/entry.s            0x00000000   Number         0  entry7a.o ABSOLUTE
    ../clib/microlib/init/entry.s            0x00000000   Number         0  entry11a.o ABSOLUTE
    ../clib/microlib/init/entry.s            0x00000000   Number         0  entry5.o ABSOLUTE
    ../clib/microlib/init/entry.s            0x00000000   Number         0  entry.o ABSOLUTE
    ../clib/microlib/init/entry.s            0x00000000   Number         0  entry4.o ABSOLUTE
    ../clib/microlib/malloc/malloc.c         0x00000000   Number         0  mallocra2.o ABSOLUTE
    ../clib/microlib/malloc/malloc.c         0x00000000   Number         0  malloca2.o ABSOLUTE
    ../clib/microlib/malloc/malloc.c         0x00000000   Number         0  mallocr2.o ABSOLUTE
    ../clib/microlib/malloc/malloc.c         0x00000000   Number         0  malloc2.o ABSOLUTE
    ../clib/microlib/malloc/mvars.c          0x00000000   Number         0  mvars.o ABSOLUTE
    ../clib/microlib/string/memcpy.c         0x00000000   Number         0  memcpyb.o ABSOLUTE
    ../clib/microlib/string/memcpy.c         0x00000000   Number         0  memcpya.o ABSOLUTE
    3140.s                                   0x00000000   Number         0  3140.o ABSOLUTE
    3140_concur.c                            0x00000000   Number         0  3140_concur.o ABSOLUTE
    3140_concur.c                            0x00000000   Number         0  3140_concur.o ABSOLUTE
    C:\Keil_v5\ARM\PACK\Keil\Kinetis_SDK_DFP\2.2.0\platform\devices\startup.c 0x00000000   Number         0  startup.o ABSOLUTE
    C:\\Keil_v5\\ARM\\PACK\\Keil\\Kinetis_SDK_DFP\\2.2.0\\platform\\devices\\startup.c 0x00000000   Number         0  startup.o ABSOLUTE
    RTE\Device\MK64FN1M0VLL12\startup_MK64F12.s 0x00000000   Number         0  startup_mk64f12.o ABSOLUTE
    RTE\Device\MK64FN1M0VLL12\system_MK64F12.c 0x00000000   Number         0  system_mk64f12.o ABSOLUTE
    RTE\\Device\\MK64FN1M0VLL12\\system_MK64F12.c 0x00000000   Number         0  system_mk64f12.o ABSOLUTE
    dc.s                                     0x00000000   Number         0  dc.o ABSOLUTE
    handlers.s                               0x00000000   Number         0  handlers.o ABSOLUTE
    init.s                                   0x00000000   Number         0  init.o ABSOLUTE
    process.c                                0x00000000   Number         0  process.o ABSOLUTE
    process.c                                0x00000000   Number         0  process.o ABSOLUTE
    test_r1.c                                0x00000000   Number         0  test_r1.o ABSOLUTE
    test_r1.c                                0x00000000   Number         0  test_r1.o ABSOLUTE
    utils.c                                  0x00000000   Number         0  utils.o ABSOLUTE
    utils.c                                  0x00000000   Number         0  utils.o ABSOLUTE
    FlashConfig                              0x00000400   Section       16  startup_mk64f12.o(FlashConfig)
    .ARM.Collect$$$$00000000                 0x00000410   Section        0  entry.o(.ARM.Collect$$$$00000000)
    .ARM.Collect$$$$00000003                 0x00000410   Section        4  entry4.o(.ARM.Collect$$$$00000003)
    .ARM.Collect$$$$00000004                 0x00000414   Section        4  entry5.o(.ARM.Collect$$$$00000004)
    .ARM.Collect$$$$00000008                 0x00000418   Section        0  entry7b.o(.ARM.Collect$$$$00000008)
    .ARM.Collect$$$$0000000A                 0x00000418   Section        0  entry8b.o(.ARM.Collect$$$$0000000A)
    .ARM.Collect$$$$0000000B                 0x00000418   Section        8  entry9a.o(.ARM.Collect$$$$0000000B)
    .ARM.Collect$$$$0000000D                 0x00000420   Section        0  entry10a.o(.ARM.Collect$$$$0000000D)
    .ARM.Collect$$$$0000000F                 0x00000420   Section        0  entry11a.o(.ARM.Collect$$$$0000000F)
    .ARM.Collect$$$$00002714                 0x00000420   Section        4  entry4.o(.ARM.Collect$$$$00002714)
    __lit__00000000                          0x00000420   Data           4  entry4.o(.ARM.Collect$$$$00002714)
    .text                                    0x00000424   Section       56  startup_mk64f12.o(.text)
    .text                                    0x0000045c   Section       36  init.o(.text)
    i.LEDBlue_On                             0x00000480   Section        0  utils.o(i.LEDBlue_On)
    i.LEDBlue_Toggle                         0x000004ac   Section        0  utils.o(i.LEDBlue_Toggle)
    i.LEDGreen_On                            0x000004bc   Section        0  utils.o(i.LEDGreen_On)
    i.LEDGreen_Toggle                        0x000004ec   Section        0  utils.o(i.LEDGreen_Toggle)
    i.LEDRed_On                              0x000004fc   Section        0  utils.o(i.LEDRed_On)
    i.LEDRed_Toggle                          0x00000528   Section        0  utils.o(i.LEDRed_Toggle)
    i.LED_Initialize                         0x00000538   Section        0  utils.o(i.LED_Initialize)
    i.LED_Off                                0x00000580   Section        0  utils.o(i.LED_Off)
    i.PIT1_IRQHandler                        0x000005ac   Section        0  process.o(i.PIT1_IRQHandler)
    i.SystemInit                             0x0000060c   Section        0  system_mk64f12.o(i.SystemInit)
    i.__NVIC_EnableIRQ                       0x00000628   Section        0  process.o(i.__NVIC_EnableIRQ)
    __NVIC_EnableIRQ                         0x00000629   Thumb Code    26  process.o(i.__NVIC_EnableIRQ)
    i.__NVIC_SetPriority                     0x00000644   Section        0  process.o(i.__NVIC_SetPriority)
    __NVIC_SetPriority                       0x00000645   Thumb Code    32  process.o(i.__NVIC_SetPriority)
    i.__free$2region                         0x0000066c   Section        0  malloc2.o(i.__free$2region)
    i.__get_PRIMASK                          0x000006bc   Section        0  utils.o(i.__get_PRIMASK)
    __get_PRIMASK                            0x000006bd   Thumb Code     6  utils.o(i.__get_PRIMASK)
    i.__malloc$2region                       0x000006c4   Section        0  malloc2.o(i.__malloc$2region)
    i.__scatterload_copy                     0x00000730   Section       14  handlers.o(i.__scatterload_copy)
    i.__scatterload_null                     0x0000073e   Section        2  handlers.o(i.__scatterload_null)
    i.__scatterload_zeroinit                 0x00000740   Section       14  handlers.o(i.__scatterload_zeroinit)
    i.__set_PRIMASK                          0x0000074e   Section        0  utils.o(i.__set_PRIMASK)
    __set_PRIMASK                            0x0000074f   Thumb Code     6  utils.o(i.__set_PRIMASK)
    i.add                                    0x00000754   Section        0  process.o(i.add)
    i.addready                               0x0000077c   Section        0  process.o(i.addready)
    i.addrt                                  0x000007a4   Section        0  process.o(i.addrt)
    i.delay                                  0x000007cc   Section        0  utils.o(i.delay)
    i.findminimum                            0x000007e0   Section        0  process.o(i.findminimum)
    i.init_data_bss                          0x00000860   Section        0  startup.o(i.init_data_bss)
    i.main                                   0x000008a8   Section        0  test_r1.o(i.main)
    i.mediumDelay2                           0x0000097c   Section        0  test_r1.o(i.mediumDelay2)
    i.pNRT2_1                                0x00000988   Section        0  test_r1.o(i.pNRT2_1)
    i.pNRT_1                                 0x000009a6   Section        0  test_r1.o(i.pNRT_1)
    i.pRT1_1                                 0x000009c4   Section        0  test_r1.o(i.pRT1_1)
    i.pRT2_1                                 0x000009e2   Section        0  test_r1.o(i.pRT2_1)
    i.pRT3_1                                 0x00000a00   Section        0  test_r1.o(i.pRT3_1)
    i.process_create                         0x00000a1e   Section        0  process.o(i.process_create)
    i.process_rt_create                      0x00000a64   Section        0  process.o(i.process_rt_create)
    i.process_select                         0x00000ab0   Section        0  process.o(i.process_select)
    i.process_stack_free                     0x00000cec   Section        0  3140_concur.o(i.process_stack_free)
    i.process_stack_init                     0x00000d00   Section        0  3140_concur.o(i.process_stack_init)
    i.process_start                          0x00000d60   Section        0  process.o(i.process_start)
    i.remove                                 0x00000ddc   Section        0  process.o(i.remove)
    i.removeready                            0x00000e00   Section        0  process.o(i.removeready)
    i.removert                               0x00000e34   Section        0  process.o(i.removert)
    i.shortDelay2                            0x00000e68   Section        0  test_r1.o(i.shortDelay2)
    myProg                                   0x00000e70   Section      124  3140.o(myProg)
    SVC0_begin                               0x00000e89   Thumb Code     0  3140.o(myProg)
    SVC1_terminate                           0x00000e93   Thumb Code     0  3140.o(myProg)
    .data                                    0x20000000   Section       36  process.o(.data)
    .data                                    0x20000024   Section       48  test_r1.o(.data)
    .data                                    0x20000054   Section        4  mvars.o(.data)
    .data                                    0x20000058   Section        4  mvars.o(.data)
    myData                                   0x2000005c   Section        4  3140.o(myData)
    OrigStackPointer                         0x2000005c   Data           4  3140.o(myData)

    Global Symbols

    Symbol Name                              Value     Ov Type        Size  Object(Section)

    BuildAttributes$$THM_ISAv4$E$P$D$K$B$S$7EM$PE$A:L22UL41UL21$X:L11$S22US41US21$IEEE1$IW$USESV6$~STKCKD$USESV7$~SHL$OSPACE$EBA8$MICROLIB$REQ8$PRES8$EABIv2 0x00000000   Number         0  anon$$obj.o ABSOLUTE
    Image$$VECTOR_RAM$$Base                  0x00000000   Number         0  anon$$obj.o ABSOLUTE
    Image$$VECTOR_ROM$$Base                  0x00000000   Number         0  anon$$obj.o ABSOLUTE
    __ARM_use_no_argv                        0x00000000   Number         0  test_r1.o ABSOLUTE
    __Vectors                                0x00000000   Data           4  startup_mk64f12.o(RESET)
    __cpp_initialize__aeabi_                  - Undefined Weak Reference
    __cxa_finalize                            - Undefined Weak Reference
    __decompress                              - Undefined Weak Reference
    _clock_init                               - Undefined Weak Reference
    _microlib_exit                            - Undefined Weak Reference
    __Vectors_End                            0x00000400   Data           0  startup_mk64f12.o(RESET)
    __Vectors_Size                           0x00000400   Number         0  startup_mk64f12.o ABSOLUTE
    __main                                   0x00000411   Thumb Code     0  entry.o(.ARM.Collect$$$$00000000)
    _main_stk                                0x00000411   Thumb Code     0  entry4.o(.ARM.Collect$$$$00000003)
    _main_scatterload                        0x00000415   Thumb Code     0  entry5.o(.ARM.Collect$$$$00000004)
    __main_after_scatterload                 0x00000419   Thumb Code     0  entry5.o(.ARM.Collect$$$$00000004)
    _main_clock                              0x00000419   Thumb Code     0  entry7b.o(.ARM.Collect$$$$00000008)
    _main_cpp_init                           0x00000419   Thumb Code     0  entry8b.o(.ARM.Collect$$$$0000000A)
    _main_init                               0x00000419   Thumb Code     0  entry9a.o(.ARM.Collect$$$$0000000B)
    __rt_final_cpp                           0x00000421   Thumb Code     0  entry10a.o(.ARM.Collect$$$$0000000D)
    __rt_final_exit                          0x00000421   Thumb Code     0  entry11a.o(.ARM.Collect$$$$0000000F)
    Reset_Handler                            0x00000425   Thumb Code    18  startup_mk64f12.o(.text)
    NMI_Handler                              0x00000437   Thumb Code     2  startup_mk64f12.o(.text)
    HardFault_Handler                        0x00000439   Thumb Code     2  startup_mk64f12.o(.text)
    MemManage_Handler                        0x0000043b   Thumb Code     2  startup_mk64f12.o(.text)
    BusFault_Handler                         0x0000043d   Thumb Code     2  startup_mk64f12.o(.text)
    UsageFault_Handler                       0x0000043f   Thumb Code     2  startup_mk64f12.o(.text)
    DebugMon_Handler                         0x00000443   Thumb Code     2  startup_mk64f12.o(.text)
    PendSV_Handler                           0x00000445   Thumb Code     2  startup_mk64f12.o(.text)
    SysTick_Handler                          0x00000447   Thumb Code     2  startup_mk64f12.o(.text)
    ADC0_IRQHandler                          0x00000449   Thumb Code     0  startup_mk64f12.o(.text)
    ADC1_IRQHandler                          0x00000449   Thumb Code     0  startup_mk64f12.o(.text)
    CAN0_Bus_Off_IRQHandler                  0x00000449   Thumb Code     0  startup_mk64f12.o(.text)
    CAN0_Error_IRQHandler                    0x00000449   Thumb Code     0  startup_mk64f12.o(.text)
    CAN0_ORed_Message_buffer_IRQHandler      0x00000449   Thumb Code     0  startup_mk64f12.o(.text)
    CAN0_Rx_Warning_IRQHandler               0x00000449   Thumb Code     0  startup_mk64f12.o(.text)
    CAN0_Tx_Warning_IRQHandler               0x00000449   Thumb Code     0  startup_mk64f12.o(.text)
    CAN0_Wake_Up_IRQHandler                  0x00000449   Thumb Code     0  startup_mk64f12.o(.text)
    CMP0_IRQHandler                          0x00000449   Thumb Code     0  startup_mk64f12.o(.text)
    CMP1_IRQHandler                          0x00000449   Thumb Code     0  startup_mk64f12.o(.text)
    CMP2_IRQHandler                          0x00000449   Thumb Code     0  startup_mk64f12.o(.text)
    CMT_IRQHandler                           0x00000449   Thumb Code     0  startup_mk64f12.o(.text)
    DAC0_IRQHandler                          0x00000449   Thumb Code     0  startup_mk64f12.o(.text)
    DAC1_IRQHandler                          0x00000449   Thumb Code     0  startup_mk64f12.o(.text)
    DMA0_IRQHandler                          0x00000449   Thumb Code     0  startup_mk64f12.o(.text)
    DMA10_IRQHandler                         0x00000449   Thumb Code     0  startup_mk64f12.o(.text)
    DMA11_IRQHandler                         0x00000449   Thumb Code     0  startup_mk64f12.o(.text)
    DMA12_IRQHandler                         0x00000449   Thumb Code     0  startup_mk64f12.o(.text)
    DMA13_IRQHandler                         0x00000449   Thumb Code     0  startup_mk64f12.o(.text)
    DMA14_IRQHandler                         0x00000449   Thumb Code     0  startup_mk64f12.o(.text)
    DMA15_IRQHandler                         0x00000449   Thumb Code     0  startup_mk64f12.o(.text)
    DMA1_IRQHandler                          0x00000449   Thumb Code     0  startup_mk64f12.o(.text)
    DMA2_IRQHandler                          0x00000449   Thumb Code     0  startup_mk64f12.o(.text)
    DMA3_IRQHandler                          0x00000449   Thumb Code     0  startup_mk64f12.o(.text)
    DMA4_IRQHandler                          0x00000449   Thumb Code     0  startup_mk64f12.o(.text)
    DMA5_IRQHandler                          0x00000449   Thumb Code     0  startup_mk64f12.o(.text)
    DMA6_IRQHandler                          0x00000449   Thumb Code     0  startup_mk64f12.o(.text)
    DMA7_IRQHandler                          0x00000449   Thumb Code     0  startup_mk64f12.o(.text)
    DMA8_IRQHandler                          0x00000449   Thumb Code     0  startup_mk64f12.o(.text)
    DMA9_IRQHandler                          0x00000449   Thumb Code     0  startup_mk64f12.o(.text)
    DMA_Error_IRQHandler                     0x00000449   Thumb Code     0  startup_mk64f12.o(.text)
    DefaultISR                               0x00000449   Thumb Code     0  startup_mk64f12.o(.text)
    ENET_1588_Timer_IRQHandler               0x00000449   Thumb Code     0  startup_mk64f12.o(.text)
    ENET_Error_IRQHandler                    0x00000449   Thumb Code     0  startup_mk64f12.o(.text)
    ENET_Receive_IRQHandler                  0x00000449   Thumb Code     0  startup_mk64f12.o(.text)
    ENET_Transmit_IRQHandler                 0x00000449   Thumb Code     0  startup_mk64f12.o(.text)
    FTFE_IRQHandler                          0x00000449   Thumb Code     0  startup_mk64f12.o(.text)
    FTM0_IRQHandler                          0x00000449   Thumb Code     0  startup_mk64f12.o(.text)
    FTM1_IRQHandler                          0x00000449   Thumb Code     0  startup_mk64f12.o(.text)
    FTM2_IRQHandler                          0x00000449   Thumb Code     0  startup_mk64f12.o(.text)
    FTM3_IRQHandler                          0x00000449   Thumb Code     0  startup_mk64f12.o(.text)
    I2C0_IRQHandler                          0x00000449   Thumb Code     0  startup_mk64f12.o(.text)
    I2C1_IRQHandler                          0x00000449   Thumb Code     0  startup_mk64f12.o(.text)
    I2C2_IRQHandler                          0x00000449   Thumb Code     0  startup_mk64f12.o(.text)
    I2S0_Rx_IRQHandler                       0x00000449   Thumb Code     0  startup_mk64f12.o(.text)
    I2S0_Tx_IRQHandler                       0x00000449   Thumb Code     0  startup_mk64f12.o(.text)
    LLWU_IRQHandler                          0x00000449   Thumb Code     0  startup_mk64f12.o(.text)
    LPTMR0_IRQHandler                        0x00000449   Thumb Code     0  startup_mk64f12.o(.text)
    LVD_LVW_IRQHandler                       0x00000449   Thumb Code     0  startup_mk64f12.o(.text)
    MCG_IRQHandler                           0x00000449   Thumb Code     0  startup_mk64f12.o(.text)
    MCM_IRQHandler                           0x00000449   Thumb Code     0  startup_mk64f12.o(.text)
    PDB0_IRQHandler                          0x00000449   Thumb Code     0  startup_mk64f12.o(.text)
    PIT2_IRQHandler                          0x00000449   Thumb Code     0  startup_mk64f12.o(.text)
    PIT3_IRQHandler                          0x00000449   Thumb Code     0  startup_mk64f12.o(.text)
    PORTA_IRQHandler                         0x00000449   Thumb Code     0  startup_mk64f12.o(.text)
    PORTB_IRQHandler                         0x00000449   Thumb Code     0  startup_mk64f12.o(.text)
    PORTC_IRQHandler                         0x00000449   Thumb Code     0  startup_mk64f12.o(.text)
    PORTD_IRQHandler                         0x00000449   Thumb Code     0  startup_mk64f12.o(.text)
    PORTE_IRQHandler                         0x00000449   Thumb Code     0  startup_mk64f12.o(.text)
    RNG_IRQHandler                           0x00000449   Thumb Code     0  startup_mk64f12.o(.text)
    RTC_IRQHandler                           0x00000449   Thumb Code     0  startup_mk64f12.o(.text)
    RTC_Seconds_IRQHandler                   0x00000449   Thumb Code     0  startup_mk64f12.o(.text)
    Read_Collision_IRQHandler                0x00000449   Thumb Code     0  startup_mk64f12.o(.text)
    Reserved71_IRQHandler                    0x00000449   Thumb Code     0  startup_mk64f12.o(.text)
    SDHC_IRQHandler                          0x00000449   Thumb Code     0  startup_mk64f12.o(.text)
    SPI0_IRQHandler                          0x00000449   Thumb Code     0  startup_mk64f12.o(.text)
    SPI1_IRQHandler                          0x00000449   Thumb Code     0  startup_mk64f12.o(.text)
    SPI2_IRQHandler                          0x00000449   Thumb Code     0  startup_mk64f12.o(.text)
    SWI_IRQHandler                           0x00000449   Thumb Code     0  startup_mk64f12.o(.text)
    UART0_ERR_IRQHandler                     0x00000449   Thumb Code     0  startup_mk64f12.o(.text)
    UART0_LON_IRQHandler                     0x00000449   Thumb Code     0  startup_mk64f12.o(.text)
    UART0_RX_TX_IRQHandler                   0x00000449   Thumb Code     0  startup_mk64f12.o(.text)
    UART1_ERR_IRQHandler                     0x00000449   Thumb Code     0  startup_mk64f12.o(.text)
    UART1_RX_TX_IRQHandler                   0x00000449   Thumb Code     0  startup_mk64f12.o(.text)
    UART2_ERR_IRQHandler                     0x00000449   Thumb Code     0  startup_mk64f12.o(.text)
    UART2_RX_TX_IRQHandler                   0x00000449   Thumb Code     0  startup_mk64f12.o(.text)
    UART3_ERR_IRQHandler                     0x00000449   Thumb Code     0  startup_mk64f12.o(.text)
    UART3_RX_TX_IRQHandler                   0x00000449   Thumb Code     0  startup_mk64f12.o(.text)
    UART4_ERR_IRQHandler                     0x00000449   Thumb Code     0  startup_mk64f12.o(.text)
    UART4_RX_TX_IRQHandler                   0x00000449   Thumb Code     0  startup_mk64f12.o(.text)
    UART5_ERR_IRQHandler                     0x00000449   Thumb Code     0  startup_mk64f12.o(.text)
    UART5_RX_TX_IRQHandler                   0x00000449   Thumb Code     0  startup_mk64f12.o(.text)
    USB0_IRQHandler                          0x00000449   Thumb Code     0  startup_mk64f12.o(.text)
    USBDCD_IRQHandler                        0x00000449   Thumb Code     0  startup_mk64f12.o(.text)
    WDOG_EWM_IRQHandler                      0x00000449   Thumb Code     0  startup_mk64f12.o(.text)
    __scatterload                            0x0000045d   Thumb Code    28  init.o(.text)
    __scatterload_rt2                        0x0000045d   Thumb Code     0  init.o(.text)
    LEDBlue_On                               0x00000481   Thumb Code    36  utils.o(i.LEDBlue_On)
    LEDBlue_Toggle                           0x000004ad   Thumb Code    10  utils.o(i.LEDBlue_Toggle)
    LEDGreen_On                              0x000004bd   Thumb Code    38  utils.o(i.LEDGreen_On)
    LEDGreen_Toggle                          0x000004ed   Thumb Code    10  utils.o(i.LEDGreen_Toggle)
    LEDRed_On                                0x000004fd   Thumb Code    36  utils.o(i.LEDRed_On)
    LEDRed_Toggle                            0x00000529   Thumb Code    10  utils.o(i.LEDRed_Toggle)
    LED_Initialize                           0x00000539   Thumb Code    50  utils.o(i.LED_Initialize)
    LED_Off                                  0x00000581   Thumb Code    36  utils.o(i.LED_Off)
    PIT1_IRQHandler                          0x000005ad   Thumb Code    84  process.o(i.PIT1_IRQHandler)
    SystemInit                               0x0000060d   Thumb Code    22  system_mk64f12.o(i.SystemInit)
    free                                     0x0000066d   Thumb Code    76  malloc2.o(i.__free$2region)
    malloc                                   0x000006c5   Thumb Code    92  malloc2.o(i.__malloc$2region)
    __scatterload_copy                       0x00000731   Thumb Code    14  handlers.o(i.__scatterload_copy)
    __scatterload_null                       0x0000073f   Thumb Code     2  handlers.o(i.__scatterload_null)
    __scatterload_zeroinit                   0x00000741   Thumb Code    14  handlers.o(i.__scatterload_zeroinit)
    add                                      0x00000755   Thumb Code    36  process.o(i.add)
    addready                                 0x0000077d   Thumb Code    36  process.o(i.addready)
    addrt                                    0x000007a5   Thumb Code    36  process.o(i.addrt)
    delay                                    0x000007cd   Thumb Code    14  utils.o(i.delay)
    findminimum                              0x000007e1   Thumb Code   124  process.o(i.findminimum)
    init_data_bss                            0x00000861   Thumb Code    54  startup.o(i.init_data_bss)
    main                                     0x000008a9   Thumb Code   164  test_r1.o(i.main)
    mediumDelay2                             0x0000097d   Thumb Code    12  test_r1.o(i.mediumDelay2)
    pNRT2_1                                  0x00000989   Thumb Code    30  test_r1.o(i.pNRT2_1)
    pNRT_1                                   0x000009a7   Thumb Code    30  test_r1.o(i.pNRT_1)
    pRT1_1                                   0x000009c5   Thumb Code    30  test_r1.o(i.pRT1_1)
    pRT2_1                                   0x000009e3   Thumb Code    30  test_r1.o(i.pRT2_1)
    pRT3_1                                   0x00000a01   Thumb Code    30  test_r1.o(i.pRT3_1)
    process_create                           0x00000a1f   Thumb Code    70  process.o(i.process_create)
    process_rt_create                        0x00000a65   Thumb Code    76  process.o(i.process_rt_create)
    process_select                           0x00000ab1   Thumb Code   544  process.o(i.process_select)
    process_stack_free                       0x00000ced   Thumb Code    18  3140_concur.o(i.process_stack_free)
    process_stack_init                       0x00000d01   Thumb Code    90  3140_concur.o(i.process_stack_init)
    process_start                            0x00000d61   Thumb Code   102  process.o(i.process_start)
    remove                                   0x00000ddd   Thumb Code    32  process.o(i.remove)
    removeready                              0x00000e01   Thumb Code    46  process.o(i.removeready)
    removert                                 0x00000e35   Thumb Code    46  process.o(i.removert)
    shortDelay2                              0x00000e69   Thumb Code     8  test_r1.o(i.shortDelay2)
    SVC_Handler                              0x00000e71   Thumb Code     0  3140.o(myProg)
    process_terminated                       0x00000e97   Thumb Code     0  3140.o(myProg)
    process_begin                            0x00000e9b   Thumb Code     0  3140.o(myProg)
    PIT0_IRQHandler                          0x00000ea7   Thumb Code     0  3140.o(myProg)
    Region$$Table$$Base                      0x00000eec   Number         0  anon$$obj.o(Region$$Table)
    Region$$Table$$Limit                     0x00000efc   Number         0  anon$$obj.o(Region$$Table)
    Image$$RW_m_data$$Base                   0x1fff0000   Number         0  anon$$obj.o ABSOLUTE
    milsec                                   0x20000000   Data           4  process.o(.data)
    current_process                          0x20000004   Data           4  process.o(.data)
    current_time                             0x20000008   Data           8  process.o(.data)
    process_deadline_met                     0x20000010   Data           4  process.o(.data)
    process_deadline_miss                    0x20000014   Data           4  process.o(.data)
    start_process                            0x20000018   Data           4  process.o(.data)
    start_rt_process                         0x2000001c   Data           4  process.o(.data)
    ready_rt_process                         0x20000020   Data           4  process.o(.data)
    rt1_start                                0x20000024   Data           8  test_r1.o(.data)
    rt2_start                                0x2000002c   Data           8  test_r1.o(.data)
    rt3_start                                0x20000034   Data           8  test_r1.o(.data)
    deadline1                                0x2000003c   Data           8  test_r1.o(.data)
    deadline2                                0x20000044   Data           8  test_r1.o(.data)
    deadline3                                0x2000004c   Data           8  test_r1.o(.data)
    __microlib_freelist                      0x20000054   Data           4  mvars.o(.data)
    __microlib_freelist_initialised          0x20000058   Data           4  mvars.o(.data)
    Image$$ARM_LIB_HEAP$$ZI$$Base            0x20000060   Number         0  anon$$obj.o ABSOLUTE
    Image$$ARM_LIB_HEAP$$ZI$$Limit           0x20002060   Number         0  anon$$obj.o ABSOLUTE
    Image$$ARM_LIB_STACK$$ZI$$Limit          0x20030000   Number         0  anon$$obj.o ABSOLUTE



==============================================================================

Memory Map of the image

  Image Entry point : 0x00000411

  Load Region LR_m_text (Base: 0x00000410, Size: 0x00000b4c, Max: 0x000ffbf0, ABSOLUTE)

    Execution Region ER_m_text (Base: 0x00000410, Size: 0x00000aec, Max: 0x000ffbf0, ABSOLUTE)

    Base Addr    Size         Type   Attr      Idx    E Section Name        Object

    0x00000410   0x00000000   Code   RO          425  * .ARM.Collect$$$$00000000  mc_w.l(entry.o)
    0x00000410   0x00000004   Code   RO          456    .ARM.Collect$$$$00000003  mc_w.l(entry4.o)
    0x00000414   0x00000004   Code   RO          459    .ARM.Collect$$$$00000004  mc_w.l(entry5.o)
    0x00000418   0x00000000   Code   RO          461    .ARM.Collect$$$$00000008  mc_w.l(entry7b.o)
    0x00000418   0x00000000   Code   RO          463    .ARM.Collect$$$$0000000A  mc_w.l(entry8b.o)
    0x00000418   0x00000008   Code   RO          464    .ARM.Collect$$$$0000000B  mc_w.l(entry9a.o)
    0x00000420   0x00000000   Code   RO          466    .ARM.Collect$$$$0000000D  mc_w.l(entry10a.o)
    0x00000420   0x00000000   Code   RO          468    .ARM.Collect$$$$0000000F  mc_w.l(entry11a.o)
    0x00000420   0x00000004   Code   RO          457    .ARM.Collect$$$$00002714  mc_w.l(entry4.o)
    0x00000424   0x00000038   Code   RO          385    .text               startup_mk64f12.o
    0x0000045c   0x00000024   Code   RO          476    .text               mc_w.l(init.o)
    0x00000480   0x0000002c   Code   RO          200    i.LEDBlue_On        utils.o
    0x000004ac   0x00000010   Code   RO          201    i.LEDBlue_Toggle    utils.o
    0x000004bc   0x00000030   Code   RO          202    i.LEDGreen_On       utils.o
    0x000004ec   0x00000010   Code   RO          203    i.LEDGreen_Toggle   utils.o
    0x000004fc   0x0000002c   Code   RO          204    i.LEDRed_On         utils.o
    0x00000528   0x00000010   Code   RO          205    i.LEDRed_Toggle     utils.o
    0x00000538   0x00000048   Code   RO          206    i.LED_Initialize    utils.o
    0x00000580   0x0000002c   Code   RO          207    i.LED_Off           utils.o
    0x000005ac   0x00000060   Code   RO           83    i.PIT1_IRQHandler   process.o
    0x0000060c   0x0000001c   Code   RO          393    i.SystemInit        system_mk64f12.o
    0x00000628   0x0000001a   Code   RO           84    i.__NVIC_EnableIRQ  process.o
    0x00000642   0x00000002   PAD
    0x00000644   0x00000028   Code   RO           85    i.__NVIC_SetPriority  process.o
    0x0000066c   0x00000050   Code   RO          428    i.__free$2region    mc_w.l(malloc2.o)
    0x000006bc   0x00000006   Code   RO          208    i.__get_PRIMASK     utils.o
    0x000006c2   0x00000002   PAD
    0x000006c4   0x0000006c   Code   RO          429    i.__malloc$2region  mc_w.l(malloc2.o)
    0x00000730   0x0000000e   Code   RO          480    i.__scatterload_copy  mc_w.l(handlers.o)
    0x0000073e   0x00000002   Code   RO          481    i.__scatterload_null  mc_w.l(handlers.o)
    0x00000740   0x0000000e   Code   RO          482    i.__scatterload_zeroinit  mc_w.l(handlers.o)
    0x0000074e   0x00000006   Code   RO          209    i.__set_PRIMASK     utils.o
    0x00000754   0x00000028   Code   RO           86    i.add               process.o
    0x0000077c   0x00000028   Code   RO           87    i.addready          process.o
    0x000007a4   0x00000028   Code   RO           88    i.addrt             process.o
    0x000007cc   0x00000014   Code   RO          210    i.delay             utils.o
    0x000007e0   0x00000080   Code   RO           89    i.findminimum       process.o
    0x00000860   0x00000048   Code   RO          358    i.init_data_bss     startup.o
    0x000008a8   0x000000d4   Code   RO          285    i.main              test_r1.o
    0x0000097c   0x0000000c   Code   RO          286    i.mediumDelay2      test_r1.o
    0x00000988   0x0000001e   Code   RO          287    i.pNRT2_1           test_r1.o
    0x000009a6   0x0000001e   Code   RO          288    i.pNRT_1            test_r1.o
    0x000009c4   0x0000001e   Code   RO          289    i.pRT1_1            test_r1.o
    0x000009e2   0x0000001e   Code   RO          290    i.pRT2_1            test_r1.o
    0x00000a00   0x0000001e   Code   RO          291    i.pRT3_1            test_r1.o
    0x00000a1e   0x00000046   Code   RO           90    i.process_create    process.o
    0x00000a64   0x0000004c   Code   RO           91    i.process_rt_create  process.o
    0x00000ab0   0x0000023c   Code   RO           92    i.process_select    process.o
    0x00000cec   0x00000012   Code   RO           13    i.process_stack_free  3140_concur.o
    0x00000cfe   0x00000002   PAD
    0x00000d00   0x00000060   Code   RO           14    i.process_stack_init  3140_concur.o
    0x00000d60   0x0000007c   Code   RO           93    i.process_start     process.o
    0x00000ddc   0x00000024   Code   RO           94    i.remove            process.o
    0x00000e00   0x00000034   Code   RO           95    i.removeready       process.o
    0x00000e34   0x00000034   Code   RO           96    i.removert          process.o
    0x00000e68   0x00000008   Code   RO          292    i.shortDelay2       test_r1.o
    0x00000e70   0x0000007c   Code   RO            5    myProg              3140.o
    0x00000eec   0x00000010   Data   RO          478    Region$$Table       anon$$obj.o


    Execution Region RW_m_data (Base: 0x1fff0000, Size: 0x00000000, Max: 0x00010000, ABSOLUTE)

    **** No section assigned to this execution region ****


    Execution Region RW_m_data_2 (Base: 0x20000000, Size: 0x00000060, Max: 0x0002dc00, ABSOLUTE)

    Base Addr    Size         Type   Attr      Idx    E Section Name        Object

    0x20000000   0x00000024   Data   RW           97    .data               process.o
    0x20000024   0x00000030   Data   RW          293    .data               test_r1.o
    0x20000054   0x00000004   Data   RW          474    .data               mc_w.l(mvars.o)
    0x20000058   0x00000004   Data   RW          475    .data               mc_w.l(mvars.o)
    0x2000005c   0x00000004   Data   RW            4    myData              3140.o


    Execution Region ARM_LIB_HEAP (Base: 0x20000060, Size: 0x00002000, Max: 0x00002000, ABSOLUTE)

    Base Addr    Size         Type   Attr      Idx    E Section Name        Object

    0x20000060   0x00002000   Zero   RW            1    ARM_LIB_HEAP.bss    anon$$obj.o


    Execution Region ARM_LIB_STACK (Base: 0x2002fc00, Size: 0x00000400, Max: 0x00000400, ABSOLUTE)

    Base Addr    Size         Type   Attr      Idx    E Section Name        Object

    0x2002fc00   0x00000400   Zero   RW            2    ARM_LIB_STACK.bss   anon$$obj.o



  Load Region LR_m_interrupts (Base: 0x00000000, Size: 0x00000400, Max: 0x00000400, ABSOLUTE)

    Execution Region VECTOR_RAM (Base: 0x00000000, Size: 0x00000000, Max: 0x00000000, ABSOLUTE)

    Base Addr    Size         Type   Attr      Idx    E Section Name        Object

    0x00000000   0x00000000   Zero   RW            3    VECTOR_RAM.bss      anon$$obj.o


    Execution Region VECTOR_ROM (Base: 0x00000000, Size: 0x00000400, Max: 0x00000400, ABSOLUTE)

    Base Addr    Size         Type   Attr      Idx    E Section Name        Object

    0x00000000   0x00000400   Data   RO          383    RESET               startup_mk64f12.o



  Load Region LR_m_flash_config (Base: 0x00000400, Size: 0x00000010, Max: 0x00000010, ABSOLUTE)

    Execution Region ER_m_flash_config (Base: 0x00000400, Size: 0x00000010, Max: 0x00000010, ABSOLUTE)

    Base Addr    Size         Type   Attr      Idx    E Section Name        Object

    0x00000400   0x00000010   Data   RO          384    FlashConfig         startup_mk64f12.o


==============================================================================

Image component sizes


      Code (inc. data)   RO Data    RW Data    ZI Data      Debug   Object Name

       124         24          0          4          0        308   3140.o
       114          6          0          0          0     622214   3140_concur.o
      1392        102          0         36          0      38205   process.o
        72         18          0          0          0        532   startup.o
        56         18       1040          0          0        816   startup_mk64f12.o
        28          6          0          0          0        465   system_mk64f12.o
       382         48          0         48          0       4514   test_r1.o
       332         80          0          0          0       9221   utils.o

    ----------------------------------------------------------------------
      2506        302       1056         88       9216     676275   Object Totals
         0          0         16          0       9216          0   (incl. Generated)
         6          0          0          0          0          0   (incl. Padding)

    ----------------------------------------------------------------------

      Code (inc. data)   RO Data    RW Data    ZI Data      Debug   Library Member Name

         0          0          0          0          0          0   entry.o
         0          0          0          0          0          0   entry10a.o
         0          0          0          0          0          0   entry11a.o
         8          4          0          0          0          0   entry4.o
         4          0          0          0          0          0   entry5.o
         0          0          0          0          0          0   entry7b.o
         0          0          0          0          0          0   entry8b.o
         8          4          0          0          0          0   entry9a.o
        30          0          0          0          0          0   handlers.o
        36          8          0          0          0         68   init.o
       188         20          0          0          0        160   malloc2.o
         0          0          0          8          0          0   mvars.o

    ----------------------------------------------------------------------
       274         36          0          8          0        228   Library Totals
         0          0          0          0          0          0   (incl. Padding)

    ----------------------------------------------------------------------

      Code (inc. data)   RO Data    RW Data    ZI Data      Debug   Library Name

       274         36          0          8          0        228   mc_w.l

    ----------------------------------------------------------------------
       274         36          0          8          0        228   Library Totals

    ----------------------------------------------------------------------

==============================================================================


      Code (inc. data)   RO Data    RW Data    ZI Data      Debug   

      2780        338       1056         96       9216     674835   Grand Totals
      2780        338       1056         96       9216     674835   ELF Image Totals
      2780        338       1056         96          0          0   ROM Totals

==============================================================================

    Total RO  Size (Code + RO Data)                 3836 (   3.75kB)
    Total RW  Size (RW Data + ZI Data)              9312 (   9.09kB)
    Total ROM Size (Code + RO Data + RW Data)       3932 (   3.84kB)

==============================================================================

