


ARM Macro Assembler    Page 1 


    1 00000000                 AREA             Lab0, CODE, READONLY
    2 00000000                 ENTRY
    3 00000000                 EXPORT           __main
    4 00000000         
    5 00000000         __main
    6 00000000         ; This is a comment!
    7 00000000 2307            MOVS             R3, #7
    8 00000002 2713            MOVS             R7, #19
    9 00000004 21EF            MOVS             R1, #0xef
   10 00000006         
   11 00000006                 END
Command Line: --debug --xref --diag_suppress=9931 --cpu=Cortex-M4.fp --apcs=int
erwork --depend=.\objects\lab0.d -o.\objects\lab0.o -I"C:\Users\Eric the Great\
Documents\Cornell University\ECE 3140\RTE\Device\MK64FN1M0VLL12" -I"C:\Users\Er
ic the Great\Documents\Cornell University\ECE 3140\RTE\_Target_1" -IC:\Keil_v5\
ARM\PACK\ARM\CMSIS\5.0.0\CMSIS\Include -IC:\Keil_v5\ARM\PACK\Keil\Kinetis_SDK_D
FP\2.2.0\platform\devices --predefine="__EVAL SETA 1" --predefine="__UVISION_VE
RSION SETA 522" --predefine="_RTE_ SETA 1" --predefine="CPU_MK64FN1M0VLL12 SETA
 1" --list=.\listings\lab0.lst ..\..\..\Downloads\Lab0.s



ARM Macro Assembler    Page 1 Alphabetic symbol ordering
Relocatable symbols

Lab0 00000000

Symbol: Lab0
   Definitions
      At line 1 in file ..\..\..\Downloads\Lab0.s
   Uses
      None
Comment: Lab0 unused
__main 00000000

Symbol: __main
   Definitions
      At line 5 in file ..\..\..\Downloads\Lab0.s
   Uses
      At line 3 in file ..\..\..\Downloads\Lab0.s
Comment: __main used once
2 symbols
337 symbols in table
